hi
this is index page
1

this is footer joelli
this is index page
hello