hi
this is index page
1

this is footer joelli
hello