joelli
10000.01
joelli
10000.01
joelli
10000.01